[frodo.gq/index.html]
[backblue.gif]
[fade.gif]
[index.html]
[frodo.gq/frontend/css/fontawesome.min.css]
[frodo.gq/frontend/css/main.min.css]
[frodo.gq/frontend/css/nightcat.css]
[frodo.gq/frontend/css/normalize.css]
[frodo.gq/frontend/css/effect2.css]
[frodo.gq/frontend/css/custom.css]
[frodo.gq/frontend/css/animate.css]
[frodo.gq/frontend/css/loaderimg.css]
[frodo.gq/frontend/img/Frodo1.png]
[frodo.gq/frontend/img/Frodo.png]
[frodo.gq/index-2.html]
[frodo.gq/frontend/img/logos/header-light.png]
[frodo.gq/contact.html]
[cdnjs.cloudflare.com/ajax/libs/animejs/2.0.2/anime.min.js]
[frodo.gq/frontend/js/headroom.min.js]
[frodo.gq/frontend/js/jquery.min.js]
[frodo.gq/frontend/js/js.cookie.min.js]
[frodo.gq/frontend/js/imagesloaded.min.js]
[frodo.gq/frontend/js/bricks.min.js]
[frodo.gq/frontend/js/main.min.js]
[maxcdn.bootstrapcdn.com/font-awesome/4.2.0/css/font-awesome.min.css]
[use.fontawesome.com/releases/v5.8.1/css/all.css]
[frodo.gq/frontend/js/modernizr.custom.js]
[frodo.gq/frontend/js/classie.js]
[frodo.gq/frontend/js/pathLoader.js]
[cdnjs.cloudflare.com/ajax/libs/gsap/2.0.2/TweenMax.min.js]
[s3-us-west-2.amazonaws.com/s.cdpn.io/16327/gsap-latest-beta.min.js]
[frodo.gq/frontend/js/nightcat.js]
[frodo.gq/frontend/js/preloader.js]
[cdnjs.cloudflare.com/ajax/libs/lodash.js/4.17.15/lodash.min.js]
[frodo.gq/frontend/js/loaderimg.js]
[frodo.gq/index.html]
[frodo.gq/frontend/js/script.js]
[frodo.gq/frontend/fonts/fontawesome-webfont78ce.eot]
[frodo.gq/frontend/fonts/fontawesome-webfontd41d.eot]
[frodo.gq/frontend/fonts/fontawesome-webfont78ce.woff]
[frodo.gq/frontend/fonts/fontawesome-webfont78ce.ttf]
[frodo.gq/frontend/fonts/fontawesome-webfont78ce.svg]
[frodo.gq/frontend/css/fontawesome.min.css]
[frodo.gq/frontend/img/layout/loading.svg]
[frodo.gq/frontend/img/layout/clouds-gray-left.png]
[frodo.gq/frontend/img/layout/clouds-gray-right.png]
[frodo.gq/frontend/img/layout/clouds-light-left.png]
[frodo.gq/frontend/img/layout/clouds-light-right.png]
[frodo.gq/frontend/img/layout/clouds-gray-left@2x.png]
[frodo.gq/frontend/img/layout/clouds-gray-right@2x.png]
[frodo.gq/frontend/img/layout/clouds-light-left@2x.png]
[frodo.gq/frontend/img/layout/clouds-light-right@2x.png]
[frodo.gq/frontend/css/main.min.css]
[frodo.gq/frontend/css/nightcat.css]
[frodo.gq/frontend/css/normalize.css]
[frodo.gq/frontend/img/clouds.png]
[frodo.gq/frontend/img/browser.png]
[frodo.gq/frontend/css/effect2.css]
[frodo.gq/frontend/css/custom.css]
[frodo.gq/frontend/css/animate.css]
[frodo.gq/frontend/css/loaderimg.css]
[frodo.gq/index-2.html]
[frodo.gq/contact.html]
[maxcdn.bootstrapcdn.com/font-awesome/4.2.0/css/font-awesome.min.css]
[use.fontawesome.com/releases/v5.8.1/css/all.css]
[frodo.gq/frontend/fonts/fontawesome-webfont78ce.html]
[frodo.gq/frontend/fonts/fontawesome-webfontd41d.html]
[frodo.gq/frontend/fonts/fontawesome-webfont78ce-2.html]
[frodo.gq/frontend/fonts/fontawesome-webfont78ce-3.html]
[frodo.gq/frontend/fonts/fontawesome-webfont78ce-4.html]
[frodo.gq/frontend/img/layout/loading.svg]
[frodo.gq/frontend/img/browser.html]
